// Jest Snapshot v1, https://goo.gl/fbAQLP

exports[`<NinjaProfiles /> checking snapshot 1`] = `
<DocumentFragment>
  <div
    class="sc-AxmLO ebeJGn"
  >
    <div
      class="sc-AxgMl cpXvYN"
    >
      <input
        class="sc-AxheI hSpogh"
        data-testid="input"
        name="name"
        placeholder="Name e.g John"
      />
      <select
        class="sc-Axmtr fGszkM"
        data-testid="select"
        name="city"
      >
        <option
          value=""
        >
          Filter by Offices
        </option>
      </select>
    </div>
    <h1>
      No Records Found
    </h1>
    <div>
      <div
        class="sc-fzozJi jWrzyX"
        data-testid="profile-wrapper"
      />
    </div>
  </div>
</DocumentFragment>
`;
