// Jest Snapshot v1, https://goo.gl/fbAQLP

exports[`<LaxyImage /> checking snapshot 1`] = `
<DocumentFragment>
  <div
    class="sc-AxjAm hfotVk avatar"
  >
    <div
      data-testid="ratio"
      style="padding-bottom: 100%;"
    />
    <img
      alt="ninja profile"
      class="sc-AxirZ lgwoU source"
      loading="lazy"
      src="http://random.jpg"
    />
  </div>
</DocumentFragment>
`;
