// Jest Snapshot v1, https://goo.gl/fbAQLP

exports[`<Filters/> checking snapshot 1`] = `
<DocumentFragment>
  <div
    class="sc-AxjAm idaAJJ"
  >
    <input
      class="sc-AxirZ beswKk"
      data-testid="input"
      name="name"
      placeholder="Name e.g John"
    />
    <select
      class="sc-AxiKw pHQxu"
      data-testid="select"
      name="city"
    >
      <option
        value=""
      >
        Filter by Offices
      </option>
      <option
        value="lund"
      >
        lund
      </option>
    </select>
  </div>
</DocumentFragment>
`;
